MPLINK 4.49, Linker
Linker Map File - Created Tue Sep 24 01:29:35 2024

                                 Section Info
                  Section       Type    Address   Location Size(Bytes)
                ---------  ---------  ---------  ---------  ---------
                   .org_0       code   0x000000    program   0x000000
                   .org_1       code   0x000000    program   0x000002
                   .org_2       code   0x000004    program   0x00002e
.config_2007_MOTOR DC INT RB0.O       code   0x002007    program   0x000002



                              Program Memory Usage 
                               Start         End      
                           ---------   ---------      
                            0x000000    0x000000      
                            0x000004    0x00001a      
                            0x002007    0x002007      
            25 out of 8454 program addresses used, program memory utilization is 0%



                              Symbols - Sorted by Name
                     Name    Address   Location    Storage File                     
                ---------  ---------  ---------  --------- ---------                
               CONFIGURAR   0x000005    program     static C:\Users\USUARIO\Desktop\LAB\MOTOR DC INT RB0.asm
                  INT_RB0   0x000011    program     static C:\Users\USUARIO\Desktop\LAB\MOTOR DC INT RB0.asm
                     MAIN   0x00000f    program     static C:\Users\USUARIO\Desktop\LAB\MOTOR DC INT RB0.asm
                      OFF   0x000018    program     static C:\Users\USUARIO\Desktop\LAB\MOTOR DC INT RB0.asm



                              Symbols - Sorted by Address
                     Name    Address   Location    Storage File                     
                ---------  ---------  ---------  --------- ---------                
               CONFIGURAR   0x000005    program     static C:\Users\USUARIO\Desktop\LAB\MOTOR DC INT RB0.asm
                     MAIN   0x00000f    program     static C:\Users\USUARIO\Desktop\LAB\MOTOR DC INT RB0.asm
                  INT_RB0   0x000011    program     static C:\Users\USUARIO\Desktop\LAB\MOTOR DC INT RB0.asm
                      OFF   0x000018    program     static C:\Users\USUARIO\Desktop\LAB\MOTOR DC INT RB0.asm


